PreconLBFGS:   0  10:29:01     -373.126118       0.5977
PreconLBFGS:   1  10:59:00     -373.242458       0.4342
PreconLBFGS:   2  11:08:14     -373.263945       0.6510
ForceConsistentPreconLBFGS:   0  11:23:40     -373.263968       0.6508
      Step     Time          Energy         fmax
BFGS:    0 12:07:54     -373.263968        0.6508
BFGS:    1 12:15:45     -373.275550        0.3189
BFGS:    2 12:21:43     -373.280539        0.0932
BFGS:    3 12:25:58     -373.282934        0.0846
BFGS:    4 12:31:30     -373.286928        0.1215
BFGS:    5 12:37:07     -373.290609        0.1111
BFGS:    6 12:43:04     -373.297358        0.1276
BFGS:    7 12:49:44     -373.304443        0.1036
BFGS:    8 12:56:28     -373.308622        0.0805
BFGS:    9 13:01:13     -373.310953        0.0702
BFGS:   10 13:06:07     -373.312000        0.0589
BFGS:   11 13:10:42     -373.312976        0.0464
BFGS:   12 13:15:40     -373.313824        0.0585
BFGS:   13 13:20:02     -373.314149        0.0359
BFGS:   14 13:24:14     -373.314388        0.0211
