      Step     Time          Energy         fmax
BFGS:    0 05:19:32     -373.209553        0.2627
BFGS:    1 05:22:05     -373.212262        0.2350
BFGS:    2 05:26:16     -373.225104        0.1352
BFGS:    3 05:29:09     -373.227404        0.1336
BFGS:    4 05:32:58     -373.229907        0.0810
BFGS:    5 05:36:08     -373.231361        0.0997
BFGS:    6 05:39:40     -373.233415        0.0999
BFGS:    7 05:42:51     -373.235494        0.1218
BFGS:    8 05:46:42     -373.239006        0.1690
BFGS:    9 05:50:53     -373.242974        0.2030
BFGS:   10 05:55:40     -373.249547        0.2114
BFGS:   11 05:59:25     -373.254753        0.1474
BFGS:   12 06:04:00     -373.263871        0.1240
BFGS:   13 06:08:13     -373.267292        0.1289
BFGS:   14 06:13:23     -373.273732        0.1455
BFGS:   15 06:17:54     -373.278875        0.1258
BFGS:   16 06:22:47     -373.285560        0.1412
BFGS:   17 06:26:22     -373.289188        0.1115
BFGS:   18 06:31:42     -373.295735        0.2354
BFGS:   19 06:35:34     -373.300762        0.1416
BFGS:   20 06:39:14     -373.304727        0.0712
BFGS:   21 06:43:11     -373.307110        0.0772
BFGS:   22 06:48:24     -373.309004        0.1871
BFGS:   23 06:52:28     -373.311178        0.1134
BFGS:   24 06:56:28     -373.313446        0.0567
BFGS:   25 06:59:30     -373.314653        0.0589
BFGS:   26 07:03:11     -373.316727        0.0604
BFGS:   27 07:06:33     -373.317544        0.0522
BFGS:   28 07:10:33     -373.319039        0.0465
