pbe {
 "energy": -46.016905232816825,
 "a": 3.6045999999999996,
 "c": 27.672,
 "ecut": 600.0,
 "kpts": [
  8,
  8,
  2
 ],
 "z": {
  "Zr": 0.11946380976643807,
  "N": 0.19764779760942908,
  "Cl": 0.38778285743686514
 },
 "geometry": {
  "Zr-N": [
   2.1289779546512566,
   2.128977954651257,
   2.128977954651257,
   2.1635073115912467
  ],
  "Zr-Cl": [
   2.7509487517381754,
   2.7509487517381754,
   2.7509487517381754
  ],
  "Cl-Cl_min": 3.6045999999999996
 },
 "fmax": 0.00189157546147886,
 "steps": 7
}
