C10H10Cl10CoN10Zr10 51 atoms, cell [  6.243   9.537  14.7    90.     90.    109.107]
area/molecule 56.26 A^2
C10H10Cl10CoN10Zr10 51 atoms, cell [  6.243   9.537  14.7    90.     90.    109.107]
area/molecule 56.26 A^2
  C...Cl                 3.609
  C...H (guest-guest)    3.038
  H...C (guest-guest)    3.038
  H...Cl                 2.767
  H...H (guest-guest)    2.475
  H...Zr                 3.869
C10H10Cl10CoN10Zr10 51 atoms, cell [  6.243   9.537  14.7    90.     90.    109.107]  C...Cl                 3.609

  C...H (guest-guest)    3.038
  H...C (guest-guest)    3.038
  H...Cl                 2.767
  H...H (guest-guest)    2.475
  H...Zr                 3.869
area/molecule 56.26 A^2
C10H10Cl10CoN10Zr10 51 atoms, cell [  6.243   9.537  14.7    90.     90.    109.107]
area/molecule 56.26 A^2
  C...Cl                 3.609
  C...H (guest-guest)    3.038
  H...C (guest-guest)    3.038
  H...Cl                 2.767
  H...H (guest-guest)    2.475
  H...Zr                 3.869
  C...Cl                 3.609
  C...H (guest-guest)    3.038
  H...C (guest-guest)    3.038
  H...Cl                 2.767
  H...H (guest-guest)    2.475
  H...Zr                 3.869
