pbed3_cell {
 "energy": -48.09005033449734,
 "a": 3.5918699906544402,
 "c": 27.405265292557182,
 "ecut": 800.0,
 "kpts": [
  8,
  8,
  2
 ],
 "z": {
  "Zr": 0.11901096685076976,
  "N": 0.19787976096332677,
  "Cl": 0.3868012178860424
 },
 "geometry": {
  "Zr-N": [
   2.122159974317673,
   2.1221599743176736,
   2.1221599743176744,
   2.1614202259586968
  ],
  "Zr-Cl": [
   2.7435262467895423,
   2.7435262467895427,
   2.743526246789543
  ],
  "Cl-Cl_min": 3.5901176396100203
 },
 "fmax": 0.0031115309508458347,
 "steps": 12,
 "stress_GPa": [
  0.004986020445610809,
  0.004986020445610812,
  0.0061841255877543525,
  -4.384709786785131e-19,
  -2.7270488689762678e-18,
  1.4870340788123188e-18
 ]
}
