{
 "ef_dos": 5.305870310182477,
 "ef_scf_mesh": 5.290801503880862,
 "kdos": [
  9,
  9,
  1
 ],
 "clean_gap_band_index": 149,
 "clean_gap_energy": 4.014169214287443,
 "n_el_check_sum_occ": 299.04055070367525,
 "layer_vbm": 3.061818557914687,
 "layer_cbm": 4.966519870660199,
 "layer_gap": 1.904701312745512,
 "ef_minus_cbm_layer": 0.3393504395222777,
 "n_el_above_gap_mid_layer_weighted": 0.7533820693397678,
 "n_el_above_gap_mid_mol_weighted": 0.2871686343355098,
 "n_el_in_layer_CB_states": 0.7613389069947528,
 "x_eff_e_per_ZrNCl": 0.07613389069947528,
 "N_EF_per_cell": 138.25287120006413,
 "N_EF_per_ZrNCl": 13.825287120006413,
 "molecular_levels_occupied_rel_EF": [
  -3.846,
  -3.836,
  -3.186,
  -3.176,
  -3.166,
  -3.156,
  -2.886,
  -2.876,
  -2.866,
  -2.856,
  -2.846,
  -0.006
 ],
 "molecular_levels_empty_rel_EF": [
  0.004,
  0.014,
  0.024,
  0.044,
  0.054,
  0.064,
  0.074,
  0.084,
  0.094,
  0.104,
  0.114,
  2.604
 ]
}
