2026-09-30 08:32:36 START [0] 01_pristine/relax.py --mode pbed3
2026-09-30 08:49:53 END   [0] rc=0 01_pristine/relax.py --mode pbed3
2026-09-30 08:49:53 START [1] 03_intercalate/build.py
2026-09-30 08:49:54 END   [1] rc=0 03_intercalate/build.py
2026-09-30 08:49:54 START [2] 01_pristine/electronic.py
2026-09-30 08:52:55 ABORT [2] (restart with OpenBLAS)
2026-09-30 08:52:55 START [2] 01_pristine/electronic.py
2026-09-30 10:05:48 END   [2] rc=0 01_pristine/electronic.py
2026-09-30 10:05:48 START [3] 03_intercalate/relax.py --stage lcao
2026-09-30 10:12:26 ABORT [3] LCAO pre-relaxation too slow (50 s/SCF iter); go straight to PW
2026-09-30 10:12:45 START [3] 03_intercalate/relax.py --stage pw
2026-09-30 11:09:53 ABORT [3] restart relaxation: SCF density tol 1e-4 + force-consistent line search
2026-09-30 11:09:53 START [3] 03_intercalate/relax.py --stage pw
2026-09-30 11:55:38 ABORT [3] PreconLBFGS backtracking (6 SCF for 1 step); switch to BFGS maxstep 0.1
2026-09-30 11:55:38 START [3] 03_intercalate/relax.py --stage pw
2026-09-30 13:24:14 END   [3] rc=0 03_intercalate/relax.py --stage pw
2026-09-30 13:24:14 START [4] 02_doped/series.py
2026-09-30 13:45:26 ABORT [4] restart series with tetrahedron E_F + per-x gpw
2026-09-30 13:45:26 START [4] 02_doped/series.py
2026-09-30 15:50:54 END   [4] rc=0 02_doped/series.py
2026-09-30 15:50:54 START [5] 01_pristine/electronic.py --charge -0.2 --tag x0.10 --kscf 18 18 3
2026-09-30 16:40:41 END   [5] rc=0 01_pristine/electronic.py --charge -0.2 --tag x0.10 --kscf 18 18 3
2026-09-30 16:40:41 START [6] 03_intercalate/electronic.py --stage scf
2026-09-30 17:22:24 END   [6] rc=0 03_intercalate/electronic.py --stage scf
2026-09-30 17:22:24 START [7] 03_intercalate/electronic.py --stage dos
2026-09-30 17:23:53 ABORT [7] guest e1* level only 0.15 eV above E_F: redo SCF on 9x9x1 with 0.02 eV smearing (0.05 eV put ~0.2 e on the guest)
2026-09-30 17:24:43 START [6] 03_intercalate/electronic.py --stage scf
2026-09-30 19:23:02 END   [6] rc=0 03_intercalate/electronic.py --stage scf
2026-09-30 19:23:02 START [7] 03_intercalate/electronic.py --stage unfold
2026-09-30 20:07:04 ABORT [7] unfold: loosen eigenstate tolerance to 1e-4 (180 bands converging slowly)
2026-09-30 20:07:04 START [7] 03_intercalate/electronic.py --stage unfold
2026-09-30 21:05:23 ABORT [7] unfold stalled at eigst 1e-3 (top bands); converge 168 of 180 bands
2026-09-30 21:05:23 START [7] 03_intercalate/electronic.py --stage unfold
2026-09-30 21:48:16 END   [7] rc=0 03_intercalate/electronic.py --stage unfold
2026-09-30 21:48:16 START [8] 03_intercalate/electronic.py --stage charges
2026-09-30 21:48:27 END   [8] rc=0 03_intercalate/electronic.py --stage charges
2026-09-30 21:48:27 START [9] 03_intercalate/electronic.py --stage spin
2026-09-30 22:32:49 ABORT [9] VM reboot killed the spin job at SCF iteration 17 (moment 1.0 -> 0.007 muB); requeued later
2026-09-30 22:32:49 START [9] 03_intercalate/electronic.py --stage unfold
2026-09-30 23:08:46 END   [9] rc=0 03_intercalate/electronic.py --stage unfold
2026-09-30 23:08:46 START [10] 03_intercalate/electronic.py --stage scfU --U 4
2026-09-30 23:58:14 END   [10] rc=0 03_intercalate/electronic.py --stage scfU --U 4
2026-09-30 23:58:14 START [11] 03_intercalate/electronic.py --stage scfU --U 0
